Starting up Python

Running Python
Defined foo
target_ = 
<TTAMachine.Machine object at 0x........>
Invocation ok

Done with Python
