NoOpPass instantiated
needsTarget() called
needsProgram() called
needsProgramRepresentation() called
NoOpPass instantiated
needsTarget() called
needsProgram() called
needsProgramRepresentation() called
setProgram() called with <TCE.base.program.Program object at 0x........>
setTarget() called with <TCE.base.mach.Machine object at 0x........>
Running NoOpPass.py
setProgram() called with <TCE.base.program.Program object at 0x........>
setTarget() called with <TCE.base.mach.Machine object at 0x........>
Running NoOpPass.py
